---
source: src/distillers/mod.rs
expression: output
---
HOME=/Users/developer
PATH=/usr/local/bin:/usr/bin:/bin:/usr/sbin:/sbin
SHELL=/bin/zsh
TERM=xterm-256color
EDITOR=nvim
LANG=en_US.UTF-8
LC_ALL=en_US.UTF-8
USER=developer
LOGNAME=developer
CARGO_HOME=/Users/developer/.cargo
CARGO_TARGET_DIR=/Users/developer/project/omni/target
RUSTUP_HOME=/Users/developer/.rustup
RUSTUP_TOOLCHAIN=stable-aarch64-apple-darwin
OMNI_HOME=/Users/developer/.omni
OMNI_VERSION=0.5.4-rc5
OMNI_QUIET=0
XDG_CONFIG_HOME=/Users/developer/.config
XDG_DATA_HOME=/Users/developer/.local/share
ANTHROPIC_API_KEY=sk-ant-api03-very-secret-key-abc123xyz789
GITHUB_TOKEN=ghp_1a2b3c4d5e6f7g8h9i0jklmnopqrstuvwxyz
OPENAI_API_KEY=sk-proj-abcdef1234567890
AWS_ACCESS_KEY_ID=AKIAIOSFODNN7EXAMPLE
AWS_SECRET_ACCESS_KEY=wJalrXUtnFEMI/K7MDENG/bPxRfiCYEXAMPLEKEY
DATABASE_URL=postgres://admin:s3cret-p@ss@db.example.com:5432/myapp
REDIS_URL=redis://:redispass@cache.example.com:6379/0
GEMINI_API_KEY=AIzaSyB-very-secret-gemini-key
SSH_AUTH_SOCK=/private/tmp/com.apple.launchd.abc123/Listeners
TMPDIR=/var/folders/ab/cd1234/T/
COLORTERM=truecolor
TERM_PROGRAM=iTerm.app
TERM_PROGRAM_VERSION=3.5.0
ITERM_SESSION_ID=w0t0p0:12345678
SHLVL=1
PWD=/Users/developer/project/omni
OLDPWD=/Users/developer/project
_=/usr/bin/env
